// Jest Snapshot v1, https://goo.gl/fbAQLP

exports[`Тест компонента списка товаров Компонент списка товаров рендерится без проблем с пустым списком 1`] = `
<div
  className="container"
/>
`;

exports[`Тест компонента списка товаров Компонент списка товаров рендерится без проблем с пустым списком 2`] = `
<div
  className="container"
/>
`;

exports[`Тест компонента списка товаров Компонент списка товаров рендерится без проблем сj cgbcrjv  1`] = `
<div
  className="container"
/>
`;

exports[`Тест компонента списка товаров Компонент списка товаров рендерится без проблем со списком товаров 1`] = `
<div
  className="container"
/>
`;
